[    0.000000] Linux version 4.15.0-143-generic (buildd@lcy01-amd64-001) (gcc version 7.5.0 (Ubuntu 7.5.0-3ubuntu1~18.04)) #147-Ubuntu SMP Wed Apr 14 16:10:11 UTC 2021 (Ubuntu 4.15.0-143.147-generic 4.15.18)
[    0.000000] Command line: BOOT_IMAGE=/boot/vmlinuz-4.15.0-143-generic root=LABEL=cloudimg-rootfs ro console=tty1 console=ttyS0
[    0.000000] KERNEL supported cpus:
[    0.000000]   Intel GenuineIntel
[    0.000000]   AMD AuthenticAMD
[    0.000000]   Centaur CentaurHauls
[    0.000000] x86/fpu: Supporting XSAVE feature 0x001: 'x87 floating point registers'
[    0.000000] x86/fpu: Supporting XSAVE feature 0x002: 'SSE registers'
[    0.000000] x86/fpu: Supporting XSAVE feature 0x004: 'AVX registers'
[    0.000000] x86/fpu: xstate_offset[2]:  576, xstate_sizes[2]:  256
[    0.000000] x86/fpu: Enabled xstate features 0x7, context size is 832 bytes, using 'standard' format.
[    0.000000] e820: BIOS-provided physical RAM map:
[    0.000000] BIOS-e820: [mem 0x0000000000000000-0x000000000009fbff] usable
[    0.000000] BIOS-e820: [mem 0x000000000009fc00-0x000000000009ffff] reserved
[    0.000000] BIOS-e820: [mem 0x00000000000f0000-0x00000000000fffff] reserved
[    0.000000] BIOS-e820: [mem 0x0000000000100000-0x00000000dffeffff] usable
[    0.000000] BIOS-e820: [mem 0x00000000dfff0000-0x00000000dfffffff] ACPI data
[    0.000000] BIOS-e820: [mem 0x00000000fec00000-0x00000000fec00fff] reserved
[    0.000000] BIOS-e820: [mem 0x00000000fee00000-0x00000000fee00fff] reserved
[    0.000000] BIOS-e820: [mem 0x00000000fffc0000-0x00000000ffffffff] reserved
[    0.000000] BIOS-e820: [mem 0x0000000100000000-0x000000011fffffff] usable
[    0.000000] NX (Execute Disable) protection: active
[    0.000000] SMBIOS 2.5 present.
[    0.000000] DMI: innotek GmbH VirtualBox/VirtualBox, BIOS VirtualBox 12/01/2006
[    0.000000] Hypervisor detected: KVM
[    0.000000] e820: last_pfn = 0x120000 max_arch_pfn = 0x400000000
[    0.000000] MTRR: Disabled
[    0.000000] x86/PAT: MTRRs disabled, skipping PAT initialization too.
[    0.000000] CPU MTRRs all blank - virtualized system.
[    0.000000] x86/PAT: Configuration [0-7]: WB  WT  UC- UC  WB  WT  UC- UC  
[    0.000000] e820: last_pfn = 0xdfff0 max_arch_pfn = 0x400000000
[    0.000000] found SMP MP-table at [mem 0x0009fff0-0x0009ffff]
[    0.000000] Scanning 1 areas for low memory corruption
[    0.000000] RAMDISK: [mem 0x35817000-0x36c02fff]
[    0.000000] ACPI: Early table checksum verification disabled
[    0.000000] ACPI: RSDP 0x00000000000E0000 000024 (v02 VBOX  )
[    0.000000] ACPI: XSDT 0x00000000DFFF0030 00003C (v01 VBOX   VBOXXSDT 00000001 ASL  00000061)
[    0.000000] ACPI: FACP 0x00000000DFFF00F0 0000F4 (v04 VBOX   VBOXFACP 00000001 ASL  00000061)
[    0.000000] ACPI: DSDT 0x00000000DFFF0480 002325 (v02 VBOX   VBOXBIOS 00000002 INTL 20190509)
[    0.000000] ACPI: FACS 0x00000000DFFF0200 000040
[    0.000000] ACPI: FACS 0x00000000DFFF0200 000040
[    0.000000] ACPI: APIC 0x00000000DFFF0240 00006C (v02 VBOX   VBOXAPIC 00000001 ASL  00000061)
[    0.000000] ACPI: SSDT 0x00000000DFFF02B0 0001CC (v01 VBOX   VBOXCPUT 00000002 INTL 20190509)
[    0.000000] No NUMA configuration found
[    0.000000] Faking a node at [mem 0x0000000000000000-0x000000011fffffff]
[    0.000000] NODE_DATA(0) allocated [mem 0x11ffd1000-0x11fffbfff]
[    0.000000] kvm-clock: cpu 0, msr 1:1ff50001, primary cpu clock
[    0.000000] kvm-clock: Using msrs 4b564d01 and 4b564d00
[    0.000000] kvm-clock: using sched offset of 3344932301 cycles
[    0.000000] clocksource: kvm-clock: mask: 0xffffffffffffffff max_cycles: 0x1cd42e4dffb, max_idle_ns: 881590591483 ns
[    0.000000] Zone ranges:
[    0.000000]   DMA      [mem 0x0000000000001000-0x0000000000ffffff]
[    0.000000]   DMA32    [mem 0x0000000001000000-0x00000000ffffffff]
[    0.000000]   Normal   [mem 0x0000000100000000-0x000000011fffffff]
[    0.000000]   Device   empty
[    0.000000] Movable zone start for each node
[    0.000000] Early memory node ranges
[    0.000000]   node   0: [mem 0x0000000000001000-0x000000000009efff]
[    0.000000]   node   0: [mem 0x0000000000100000-0x00000000dffeffff]
[    0.000000]   node   0: [mem 0x0000000100000000-0x000000011fffffff]
[    0.000000] Reserved but unavailable: 98 pages
[    0.000000] Initmem setup node 0 [mem 0x0000000000001000-0x000000011fffffff]
[    0.000000] ACPI: PM-Timer IO Port: 0x4008
[    0.000000] IOAPIC[0]: apic_id 4, version 32, address 0xfec00000, GSI 0-23
[    0.000000] ACPI: INT_SRC_OVR (bus 0 bus_irq 0 global_irq 2 dfl dfl)
[    0.000000] ACPI: INT_SRC_OVR (bus 0 bus_irq 9 global_irq 9 low level)
[    0.000000] Using ACPI (MADT) for SMP configuration information
[    0.000000] smpboot: Allowing 4 CPUs, 0 hotplug CPUs
[    0.000000] PM: Registered nosave memory: [mem 0x00000000-0x00000fff]
[    0.000000] PM: Registered nosave memory: [mem 0x0009f000-0x0009ffff]
[    0.000000] PM: Registered nosave memory: [mem 0x000a0000-0x000effff]
[    0.000000] PM: Registered nosave memory: [mem 0x000f0000-0x000fffff]
[    0.000000] PM: Registered nosave memory: [mem 0xdfff0000-0xdfffffff]
[    0.000000] PM: Registered nosave memory: [mem 0xe0000000-0xfebfffff]
[    0.000000] PM: Registered nosave memory: [mem 0xfec00000-0xfec00fff]
[    0.000000] PM: Registered nosave memory: [mem 0xfec01000-0xfedfffff]
[    0.000000] PM: Registered nosave memory: [mem 0xfee00000-0xfee00fff]
[    0.000000] PM: Registered nosave memory: [mem 0xfee01000-0xfffbffff]
[    0.000000] PM: Registered nosave memory: [mem 0xfffc0000-0xffffffff]
[    0.000000] e820: [mem 0xe0000000-0xfebfffff] available for PCI devices
[    0.000000] Booting paravirtualized kernel on KVM
[    0.000000] clocksource: refined-jiffies: mask: 0xffffffff max_cycles: 0xffffffff, max_idle_ns: 7645519600211568 ns
[    0.000000] random: get_random_bytes called from start_kernel+0x99/0x500 with crng_init=0
[    0.000000] setup_percpu: NR_CPUS:8192 nr_cpumask_bits:4 nr_cpu_ids:4 nr_node_ids:1
[    0.000000] percpu: Embedded 45 pages/cpu s147456 r8192 d28672 u524288
[    0.000000] PV qspinlock hash table entries: 256 (order: 0, 4096 bytes)
[    0.000000] Built 1 zonelists, mobility grouping on.  Total pages: 1032057
[    0.000000] Policy zone: Normal
[    0.000000] Kernel command line: BOOT_IMAGE=/boot/vmlinuz-4.15.0-143-generic root=LABEL=cloudimg-rootfs ro console=tty1 console=ttyS0
[    0.000000] Memory: 4012088K/4193848K available (12300K kernel code, 2483K rwdata, 4316K rodata, 2444K init, 2724K bss, 181760K reserved, 0K cma-reserved)
[    0.000000] SLUB: HWalign=64, Order=0-3, MinObjects=0, CPUs=4, Nodes=1
[    0.000000] Kernel/User page tables isolation: enabled
[    0.000000] ftrace: allocating 39437 entries in 155 pages
[    0.004000] Hierarchical RCU implementation.
[    0.004000] 	RCU restricting CPUs from NR_CPUS=8192 to nr_cpu_ids=4.
[    0.004000] 	Tasks RCU enabled.
[    0.004000] RCU: Adjusting geometry for rcu_fanout_leaf=16, nr_cpu_ids=4
[    0.004000] NR_IRQS: 524544, nr_irqs: 456, preallocated irqs: 16
[    0.004000] Console: colour VGA+ 80x25
[    0.004000] console [tty1] enabled
[    0.004000] console [ttyS0] enabled
[    0.004000] ACPI: Core revision 20170831
[    0.004000] ACPI: 2 ACPI AML tables successfully acquired and loaded
[    0.004000] APIC: Switch to symmetric I/O mode setup
[    0.004000] x2apic enabled
[    0.004000] Switched APIC routing to physical x2apic.
[    0.004000] ..TIMER: vector=0x30 apic1=0 pin1=2 apic2=-1 pin2=-1
[    0.004003] tsc: Detected 2712.000 MHz processor
[    0.004776] Calibrating delay loop (skipped) preset value.. 5424.00 BogoMIPS (lpj=10848000)
[    0.005237] pid_max: default: 32768 minimum: 301
[    0.005901] Security Framework initialized
[    0.006482] Yama: becoming mindful.
[    0.008022] AppArmor: AppArmor initialized
[    0.010050] Dentry cache hash table entries: 524288 (order: 10, 4194304 bytes)
[    0.011824] Inode-cache hash table entries: 262144 (order: 9, 2097152 bytes)
[    0.012018] Mount-cache hash table entries: 8192 (order: 4, 65536 bytes)
[    0.013052] Mountpoint-cache hash table entries: 8192 (order: 4, 65536 bytes)
[    0.014214] Last level iTLB entries: 4KB 128, 2MB 8, 4MB 8
[    0.015042] Last level dTLB entries: 4KB 64, 2MB 0, 4MB 0, 1GB 4
[    0.016002] Spectre V1 : Mitigation: usercopy/swapgs barriers and __user pointer sanitization
[    0.017216] Spectre V2 : Mitigation: Full generic retpoline
[    0.018208] Spectre V2 : Spectre v2 / SpectreRSB mitigation: Filling RSB on context switch
[    0.019401] Speculative Store Bypass: Vulnerable
[    0.020043] SRBDS: Unknown: Dependent on hypervisor status
[    0.020925] MDS: Mitigation: Clear CPU buffers
[    0.021700] Freeing SMP alternatives memory: 36K
[    0.133883] smpboot: CPU0: Intel(R) Core(TM) i5-6400 CPU @ 2.70GHz (family: 0x6, model: 0x5e, stepping: 0x3)
[    0.135440] Performance Events: unsupported p6 CPU model 94 no PMU driver, software events only.
[    0.136000] Hierarchical SRCU implementation.
[    0.136263] NMI watchdog: Perf event create on CPU 0 failed with -2
[    0.137149] NMI watchdog: Perf NMI watchdog permanently disabled
[    0.138097] smp: Bringing up secondary CPUs ...
[    0.139368] x86: Booting SMP configuration:
[    0.140003] .... node  #0, CPUs:      #1
[    0.004000] kvm-clock: cpu 1, msr 1:1ff50041, secondary cpu clock
[    0.143420]  #2
[    0.004000] kvm-clock: cpu 2, msr 1:1ff50081, secondary cpu clock
[    0.146822]  #3
[    0.004000] kvm-clock: cpu 3, msr 1:1ff500c1, secondary cpu clock
[    0.150172] smp: Brought up 1 node, 4 CPUs
[    0.150172] smpboot: Max logical packages: 1
[    0.150172] smpboot: Total of 4 processors activated (21696.00 BogoMIPS)
[    0.152186] devtmpfs: initialized
[    0.152601] x86/mm: Memory block size: 128MB
[    0.153658] evm: security.selinux
[    0.154234] evm: security.SMACK64
[    0.154848] evm: security.SMACK64EXEC
[    0.156003] evm: security.SMACK64TRANSMUTE
[    0.156571] evm: security.SMACK64MMAP
[    0.157136] evm: security.apparmor
[    0.157828] evm: security.ima
[    0.158274] evm: security.capability
[    0.158991] clocksource: jiffies: mask: 0xffffffff max_cycles: 0xffffffff, max_idle_ns: 7645041785100000 ns
[    0.160007] futex hash table entries: 1024 (order: 4, 65536 bytes)
[    0.160896] pinctrl core: initialized pinctrl subsystem
[    0.161871] RTC time:  8:58:48, date: 05/27/21
[    0.162815] NET: Registered protocol family 16
[    0.164063] audit: initializing netlink subsys (disabled)
[    0.664031] audit: type=2000 audit(1622105933.368:1): state=initialized audit_enabled=0 res=1
[    0.668050] cpuidle: using governor ladder
[    0.672027] cpuidle: using governor menu
[    0.676170] ACPI: bus type PCI registered
[    0.678623] acpiphp: ACPI Hot Plug PCI Controller Driver version: 0.5
[    0.684047] PCI: Using configuration type 1 for base access
[    0.692194] HugeTLB registered 2.00 MiB page size, pre-allocated 0 pages
[    0.700144] ACPI: Added _OSI(Module Device)
[    0.702438] ACPI: Added _OSI(Processor Device)
[    0.704005] ACPI: Added _OSI(3.0 _SCP Extensions)
[    0.706052] ACPI: Added _OSI(Processor Aggregator Device)
[    0.708007] ACPI: Added _OSI(Linux-Dell-Video)
[    0.709331] ACPI: Added _OSI(Linux-Lenovo-NV-HDMI-Audio)
[    0.710868] ACPI: Added _OSI(Linux-HPI-Hybrid-Graphics)
[    0.712377] ACPI: Executed 1 blocks of module-level executable AML code
[    0.718924] ACPI: Interpreter enabled
[    0.719715] ACPI: (supports S0 S5)
[    0.720003] ACPI: Using IOAPIC for interrupt routing
[    0.721179] PCI: Using host bridge windows from ACPI; if necessary, use "pci=nocrs" and report a bug
[    0.722834] ACPI: Enabled 2 GPEs in block 00 to 07
[    0.729262] ACPI: PCI Root Bridge [PCI0] (domain 0000 [bus 00-ff])
[    0.730256] acpi PNP0A03:00: _OSC: OS supports [ASPM ClockPM Segments MSI]
[    0.732431] acpi PNP0A03:00: _OSC: not requesting OS control; OS requires [ExtendedConfig ASPM ClockPM MSI]
[    0.733903] acpi PNP0A03:00: fail to add MMCONFIG information, can't access extended PCI configuration space under this bridge.
[    0.736390] PCI host bridge to bus 0000:00
[    0.737006] pci_bus 0000:00: root bus resource [io  0x0000-0x0cf7 window]
[    0.738007] pci_bus 0000:00: root bus resource [io  0x0d00-0xffff window]
[    0.739017] pci_bus 0000:00: root bus resource [mem 0x000a0000-0x000bffff window]
[    0.740002] pci_bus 0000:00: root bus resource [mem 0xe0000000-0xfdffffff window]
[    0.741174] pci_bus 0000:00: root bus resource [bus 00-ff]
[    0.743494] pci 0000:00:01.1: legacy IDE quirk: reg 0x10: [io  0x01f0-0x01f7]
[    0.744002] pci 0000:00:01.1: legacy IDE quirk: reg 0x14: [io  0x03f6]
[    0.745105] pci 0000:00:01.1: legacy IDE quirk: reg 0x18: [io  0x0170-0x0177]
[    0.746228] pci 0000:00:01.1: legacy IDE quirk: reg 0x1c: [io  0x0376]
[    0.787155] pci 0000:00:07.0: quirk: [io  0x4000-0x403f] claimed by PIIX4 ACPI
[    0.788022] pci 0000:00:07.0: quirk: [io  0x4100-0x410f] claimed by PIIX4 SMB
[    0.816134] ACPI: PCI Interrupt Link [LNKA] (IRQs 5 9 10 *11)
[    0.817329] ACPI: PCI Interrupt Link [LNKB] (IRQs 5 9 *10 11)
[    0.818356] ACPI: PCI Interrupt Link [LNKC] (IRQs 5 *9 10 11)
[    0.819381] ACPI: PCI Interrupt Link [LNKD] (IRQs 5 9 10 *11)
[    0.820358] SCSI subsystem initialized
[    0.820979] pci 0000:00:02.0: vgaarb: setting as boot VGA device
[    0.820979] pci 0000:00:02.0: vgaarb: VGA device added: decodes=io+mem,owns=io+mem,locks=none
[    0.822444] pci 0000:00:02.0: vgaarb: bridge control possible
[    0.824003] vgaarb: loaded
[    0.824504] ACPI: bus type USB registered
[    0.825149] usbcore: registered new interface driver usbfs
[    0.826040] usbcore: registered new interface driver hub
[    0.826802] usbcore: registered new device driver usb
[    0.828053] EDAC MC: Ver: 3.0.0
[    0.828742] PCI: Using ACPI for IRQ routing
[    0.828955] NetLabel: Initializing
[    0.829499] NetLabel:  domain hash size = 128
[    0.830333] NetLabel:  protocols = UNLABELED CIPSOv4 CALIPSO
[    0.832022] NetLabel:  unlabeled traffic allowed by default
[    0.832882] clocksource: Switched to clocksource kvm-clock
[    0.842938] VFS: Disk quotas dquot_6.6.0
[    0.843564] VFS: Dquot-cache hash table entries: 512 (order 0, 4096 bytes)
[    0.844716] AppArmor: AppArmor Filesystem Enabled
[    0.845535] pnp: PnP ACPI init
[    0.846821] pnp: PnP ACPI: found 3 devices
[    0.856481] clocksource: acpi_pm: mask: 0xffffff max_cycles: 0xffffff, max_idle_ns: 2085701024 ns
[    0.857743] NET: Registered protocol family 2
[    0.858669] TCP established hash table entries: 32768 (order: 6, 262144 bytes)
[    0.859815] TCP bind hash table entries: 32768 (order: 7, 524288 bytes)
[    0.861361] TCP: Hash tables configured (established 32768 bind 32768)
[    0.862243] UDP hash table entries: 2048 (order: 4, 65536 bytes)
[    0.863265] UDP-Lite hash table entries: 2048 (order: 4, 65536 bytes)
[    0.864461] NET: Registered protocol family 1
[    0.865073] pci 0000:00:00.0: Limiting direct PCI/PCI transfers
[    0.866116] pci 0000:00:01.0: Activating ISA DMA hang workarounds
[    0.867003] pci 0000:00:02.0: Video device with shadowed ROM at [mem 0x000c0000-0x000dffff]
[    0.868318] Unpacking initramfs...
[    1.161190] Freeing initrd memory: 20400K
[    1.162218] PCI-DMA: Using software bounce buffering for IO (SWIOTLB)
[    1.163117] software IO TLB: mapped [mem 0xdbff0000-0xdfff0000] (64MB)
[    1.164374] clocksource: tsc: mask: 0xffffffffffffffff max_cycles: 0x2717868ea45, max_idle_ns: 440795316085 ns
[    1.165829] platform rtc_cmos: registered platform RTC device (no PNP device found)
[    1.167128] Scanning for low memory corruption every 60 seconds
[    1.168705] Initialise system trusted keyrings
[    1.169364] Key type blacklist registered
[    1.170085] workingset: timestamp_bits=36 max_order=20 bucket_order=0
[    1.171989] zbud: loaded
[    1.173089] squashfs: version 4.0 (2009/01/31) Phillip Lougher
[    1.174150] fuse init (API version 7.26)
[    1.178345] Key type asymmetric registered
[    1.178989] Asymmetric key parser 'x509' registered
[    1.179761] Block layer SCSI generic (bsg) driver version 0.4 loaded (major 246)
[    1.181125] io scheduler noop registered
[    1.181720] io scheduler deadline registered
[    1.182365] io scheduler cfq registered (default)
[    1.183558] ACPI: AC Adapter [AC] (on-line)
[    1.184305] input: Power Button as /devices/LNXSYSTM:00/LNXPWRBN:00/input/input0
[    1.185461] ACPI: Power Button [PWRF]
[    1.186241] input: Sleep Button as /devices/LNXSYSTM:00/LNXSLPBN:00/input/input1
[    1.187361] ACPI: Sleep Button [SLPF]
[    1.188393] Serial: 8250/16550 driver, 32 ports, IRQ sharing enabled
[    1.209910] 00:02: ttyS0 at I/O 0x3f8 (irq = 4, base_baud = 115200) is a 16550A
[    1.213885] Linux agpgart interface v0.103
[    1.217486] loop: module loaded
[    1.218564] scsi host0: ata_piix
[    1.219374] scsi host1: ata_piix
[    1.219877] ata1: PATA max UDMA/33 cmd 0x1f0 ctl 0x3f6 bmdma 0xd000 irq 14
[    1.221008] ata2: PATA max UDMA/33 cmd 0x170 ctl 0x376 bmdma 0xd008 irq 15
[    1.222087] libphy: Fixed MDIO Bus: probed
[    1.222762] tun: Universal TUN/TAP device driver, 1.6
[    1.223693] PPP generic driver version 2.4.2
[    1.224526] ehci_hcd: USB 2.0 'Enhanced' Host Controller (EHCI) Driver
[    1.225510] ehci-pci: EHCI PCI platform driver
[    1.226146] ehci-platform: EHCI generic platform driver
[    1.227044] ohci_hcd: USB 1.1 'Open' Host Controller (OHCI) Driver
[    1.227848] ohci-pci: OHCI PCI platform driver
[    1.228652] ohci-platform: OHCI generic platform driver
[    1.229356] uhci_hcd: USB Universal Host Controller Interface driver
[    1.230348] i8042: PNP: PS/2 Controller [PNP0303:PS2K,PNP0f03:PS2M] at 0x60,0x64 irq 1,12
[    1.231969] serio: i8042 KBD port at 0x60,0x64 irq 1
[    1.232929] serio: i8042 AUX port at 0x60,0x64 irq 12
[    1.233931] mousedev: PS/2 mouse device common for all mice
[    1.235407] input: AT Translated Set 2 keyboard as /devices/platform/i8042/serio0/input/input2
[    1.236085] rtc_cmos rtc_cmos: rtc core: registered rtc_cmos as rtc0
[    1.237653] rtc_cmos rtc_cmos: alarms up to one day, 114 bytes nvram
[    1.238639] i2c /dev entries driver
[    1.239235] device-mapper: uevent: version 1.0.3
[    1.240177] device-mapper: ioctl: 4.37.0-ioctl (2017-09-20) initialised: dm-devel@redhat.com
[    1.241776] ledtrig-cpu: registered to indicate activity on CPUs
[    1.243383] NET: Registered protocol family 10
[    1.250292] Segment Routing with IPv6
[    1.250949] NET: Registered protocol family 17
[    1.251682] Key type dns_resolver registered
[    1.252937] mce: Using 0 MCE banks
[    1.253492] RAS: Correctable Errors collector initialized.
[    1.254391] sched_clock: Marking stable (1252908932, 0)->(1451272254, -198363322)
[    1.256837] registered taskstats version 1
[    1.257490] Loading compiled-in X.509 certificates
[    1.260501] Loaded X.509 cert 'Build time autogenerated kernel key: de118354fe72448b469776565e76ac30c08e8db2'
[    1.262498] Loaded X.509 cert 'Canonical Ltd. Live Patch Signing: 14df34d1a87cf37625abec039ef2bf521249b969'
[    1.264517] Loaded X.509 cert 'Canonical Ltd. Kernel Module Signing: 88f752e560a1e0737e31163a466ad7b70a850c19'
[    1.265917] zswap: loaded using pool lzo/zbud
[    1.271196] Key type big_key registered
[    1.271823] Key type trusted registered
[    1.274357] Key type encrypted registered
[    1.274968] AppArmor: AppArmor sha1 policy hashing enabled
[    1.275712] ima: No TPM chip found, activating TPM-bypass! (rc=-19)
[    1.276773] ima: Allocated hash algorithm: sha1
[    1.277398] evm: HMAC attrs: 0x1
[    1.278209]   Magic number: 5:313:979
[    1.278802] memory memory26: hash matches
[    1.279565] rtc_cmos rtc_cmos: setting system clock to 2021-05-27 08:58:49 UTC (1622105929)
[    1.281277] BIOS EDD facility v0.16 2004-Jun-25, 0 devices found
[    1.282214] EDD information not available.
[    1.448743] Freeing unused kernel image memory: 2444K
[    1.460129] Write protecting the kernel read-only data: 20480k
[    1.462101] Freeing unused kernel image memory: 2008K
[    1.463512] Freeing unused kernel image memory: 1828K
[    1.472910] x86/mm: Checked W+X mappings: passed, no W+X pages found.
[    1.474098] x86/mm: Checking user space page tables
[    1.483085] x86/mm: Checked W+X mappings: passed, no W+X pages found.
Loading, please wait...
starting version 237
[    1.543166] e1000: Intel(R) PRO/1000 Network Driver - version 7.3.21-k8-NAPI
[    1.544957] e1000: Copyright (c) 1999-2006 Intel Corporation.
[    1.549670] Fusion MPT base driver 3.04.20
[    1.550792] Copyright (c) 1999-2008 LSI Corporation
[    1.555991] Fusion MPT SPI Host driver 3.04.20
[    1.559555] AVX2 version of gcm_enc/dec engaged.
[    1.560363] AES CTR mode by8 optimization enabled
[    1.571724] vboxvideo: loading out-of-tree module taints kernel.
[    1.572957] vboxvideo: module verification failed: signature and/or required key missing - tainting kernel
[    1.755572] input: ImExPS/2 Generic Explorer Mouse as /devices/platform/i8042/serio1/input/input4
[    2.458779] e1000 0000:00:03.0 eth0: (PCI:33MHz:32-bit) 02:79:d1:66:99:96
[    2.459862] e1000 0000:00:03.0 eth0: Intel(R) PRO/1000 Network Connection
[    2.461932] mptbase: ioc0: Initiating bringup
[    3.403569] ioc0: LSI53C1030 A0: Capabilities={Initiator}
[    5.445308] scsi host2: ioc0: LSI53C1030 A0, FwRev=00000000h, Ports=1, MaxQ=256, IRQ=20
[    7.345125] scsi 2:0:0:0: Direct-Access     VBOX     HARDDISK         1.0  PQ: 0 ANSI: 5
[    7.352286] [drm] VRAM 01000000
[    7.355129] [TTM] Zone  kernel: Available graphics memory: 2019402 kiB
[    7.358957] [TTM] Initializing pool allocator
[    7.361876] [TTM] Initializing DMA pool allocator
[    7.370293] fbcon: vboxdrmfb (fb0) is primary device
[    7.375516] Console: switching to colour frame buffer device 100x37
[    7.380600] vboxvideo 0000:00:02.0: fb0: vboxdrmfb frame buffer device
[    7.466751] scsi target2:0:0: Beginning Domain Validation
[    7.472381] [drm] Initialized vboxvideo 1.0.0 20130823 for 0000:00:02.0 on minor 0
[    7.478382] scsi target2:0:0: Domain Validation skipping write tests
[    7.481421] scsi target2:0:0: Ending Domain Validation
[    7.483825] scsi target2:0:0: asynchronous
[    7.489490] scsi 2:0:1:0: Direct-Access     VBOX     HARDDISK         1.0  PQ: 0 ANSI: 5
[    7.536279] scsi target2:0:1: Beginning Domain Validation
[    7.543230] random: fast init done
[    7.545354] scsi target2:0:1: Domain Validation skipping write tests
[    7.548357] scsi target2:0:1: Ending Domain Validation
[    7.556927] scsi target2:0:1: asynchronous
[    7.566985] random: systemd-udevd: uninitialized urandom read (16 bytes read)
[    7.568573] random: systemd-udevd: uninitialized urandom read (16 bytes read)
[    7.570084] random: systemd-udevd: uninitialized urandom read (16 bytes read)
[    7.571575] sd 2:0:0:0: [sda] 83886080 512-byte logical blocks: (42.9 GB/40.0 GiB)
[    7.572911] sd 2:0:0:0: [sda] Write Protect is off
[    7.573951] sd 2:0:0:0: [sda] Incomplete mode parameter data
[    7.575227] sd 2:0:0:0: [sda] Assuming drive cache: write through
[    7.576969] sd 2:0:0:0: Attached scsi generic sg0 type 0
[    7.577908]  sda: sda1
[    7.578634] sd 2:0:1:0: Attached scsi generic sg1 type 0
[    7.581100] sd 2:0:0:0: [sda] Attached SCSI disk
[    7.581975] sd 2:0:1:0: [sdb] 20480 512-byte logical blocks: (10.5 MB/10.0 MiB)
[    7.583339] sd 2:0:1:0: [sdb] Write Protect is off
[    7.584518] sd 2:0:1:0: [sdb] Incomplete mode parameter data
[    7.586808] sd 2:0:1:0: [sdb] Assuming drive cache: write through
[    7.593877] sd 2:0:1:0: [sdb] Attached SCSI disk
[    7.882176] e1000 0000:00:08.0 eth1: (PCI:33MHz:32-bit) 08:00:27:be:83:7b
[    7.886522] e1000 0000:00:08.0 eth1: Intel(R) PRO/1000 Network Connection
[    7.892004] e1000 0000:00:03.0 enp0s3: renamed from eth0
[    7.933405] e1000 0000:00:08.0 enp0s8: renamed from eth1
Begin: Loading essential drivers ... [    8.156069] raid6: sse2x1   gen() 10232 MB/s
[    8.204143] raid6: sse2x1   xor()  7758 MB/s
[    8.252080] raid6: sse2x2   gen() 12275 MB/s
[    8.300094] raid6: sse2x2   xor()  9212 MB/s
[    8.348089] raid6: sse2x4   gen() 14533 MB/s
[    8.396073] raid6: sse2x4   xor()  9304 MB/s
[    8.444083] raid6: avx2x1   gen() 21005 MB/s
[    8.492034] raid6: avx2x1   xor() 15642 MB/s
[    8.540065] raid6: avx2x2   gen() 24423 MB/s
[    8.588104] raid6: avx2x2   xor() 17018 MB/s
[    8.636070] raid6: avx2x4   gen() 29358 MB/s
[    8.684024] raid6: avx2x4   xor() 17426 MB/s
[    8.684777] raid6: using algorithm avx2x4 gen() 29358 MB/s
[    8.685650] raid6: .... xor() 17426 MB/s, rmw enabled
[    8.686489] raid6: using avx2x2 recovery algorithm
[    8.688365] xor: automatically using best checksumming function   avx       
[    9.190454] async_tx: api initialized (async)
done.
Begin: Running /scripts/init-premount ... done.
Begin: Mounting root file system ... Begin: Running /scripts/local-top ... done.
Begin: Running /scripts/local-premount ... [    9.234563] Btrfs loaded, crc32c=crc32c-intel
Scanning for Btrfs filesystems
done.
Begin: Will now check root file system ... fsck from util-linux 2.31.1
[/sbin/fsck.ext4 (1) -- /dev/sda1] fsck.ext4 -a -C0 /dev/sda1 
cloudimg-rootfs: clean, 234155/5120000 files, 1490815/10485499 blocks
done.
[    9.283425] EXT4-fs (sda1): mounted filesystem with ordered data mode. Opts: (null)
done.
Begin: Running /scripts/local-bottom ... done.
Begin: Running /scripts/init-bottom ... done.
[   10.041353] ip_tables: (C) 2000-2006 Netfilter Core Team
[   10.051516] systemd[1]: systemd 237 running in system mode. (+PAM +AUDIT +SELINUX +IMA +APPARMOR +SMACK +SYSVINIT +UTMP +LIBCRYPTSETUP +GCRYPT +GNUTLS +ACL +XZ +LZ4 +SECCOMP +BLKID +ELFUTILS +KMOD -IDN2 +IDN -PCRE2 default-hierarchy=hybrid)
[   10.054547] systemd[1]: Detected virtualization oracle.
[   10.055596] systemd[1]: Detected architecture x86-64.

Welcome to [1mUbuntu 18.04.5 LTS[0m!

[   10.569718] systemd[1]: Set hostname to <magento2>.
[   11.050107] systemd[1]: Created slice System Slice.
[[0;32m  OK  [0m] Created slice System Slice.
[   11.051886] systemd[1]: Listening on Journal Audit Socket.
[[0;32m  OK  [0m] Listening on Journal Audit Socket.
[   11.053476] systemd[1]: Listening on Device-mapper event daemon FIFOs.
[[0;32m  OK  [0m] Listening on Device-mapper event daemon FIFOs.
[   11.055458] systemd[1]: Created slice User and Session Slice.
[[0;32m  OK  [0m] Created slice User and Session Slice.
[   11.057168] systemd[1]: Listening on udev Kernel Socket.
[[0;32m  OK  [0m] Listening on udev Kernel Socket.
[   11.058794] systemd[1]: Set up automount Arbitrary Executable File Formats File System Automount Point.
[[0;32m  OK  [0m] Set up automount Arbitrary Executabâ€¦rmats File System Automount Point.
[[0;32m  OK  [0m] Listening on /dev/initctl Compatibility Named Pipe.
[[0;32m  OK  [0m] Created slice system-serial\x2dgetty.slice.
[[0;32m  OK  [0m] Listening on RPCbind Server Activation Socket.
[[0;32m  OK  [0m] Reached target Swap.
[[0;32m  OK  [0m] Listening on Network Service Netlink Socket.
[[0;32m  OK  [0m] Listening on Journal Socket (/dev/log).
[[0;32m  OK  [0m] Listening on LVM2 metadata daemon socket.
[[0;32m  OK  [0m] Started Forward Password Requests to Wall Directory Watch.
[[0;32m  OK  [0m] Reached target System Time Synchronized.
[[0;32m  OK  [0m] Listening on Journal Socket.
         Mounting Huge Pages File System...
         Mounting Kernel Debug File System...
         Mounting RPC Pipe File System...
         Starting Load Kernel Modules...
         Mounting POSIX Message Queue File System...
         Starting Uncomplicated firewall...
[[0;32m  OK  [0m] Reached target Slices.
         Starting Set the console keyboard layout...
[[0;32m  OK  [0m] Listening on fsck to fsckd communication Socket.
         Starting Remount Root and Kernel File Systems...
         Starting Monitoring of LVM2 mirrorsâ€¦ng dmeventd or progress polling...
[   11.107329] Loading iSCSI transport class v2.0-870.
[[0;32m  OK  [0m] Listening on LVM2 poll daemon socket.
         Starting Create list of required stâ€¦ce nodes for the current kernel...
[[0;32m  OK  [0m] Listening on Syslog Socket.
         Starting Journal Service...
[[0;32m  OK  [0m] Reached target User and Group Name Lookups.
[[0;32m  OK  [0m] Listening on udev Control Socket.
         Starting udev Coldplug all Devices...
[[0;32m  OK  [0m] Created slice system-postfix.slice.
[   11.130587] iscsi: registered transport (tcp)
[[0;32m  OK  [0m] Started Uncomplicated firewall.
[[0;32m  OK  [0m] Mounted Huge Pages File System.
[[0;32m  OK  [0m] Mounted Kernel Debug File System.
[[0;32m  OK  [0m] Mounted POSIX Message Queue File System.
[[0;32m  OK  [0m] Started udev Coldplug all Devices.
[[0;32m  OK  [0m] Started LVM2 metadata daemon.
[   11.211973] iscsi: registered transport (iser)
[[0;32m  OK  [0m] Started Load Kernel Modules.
         Mounting FUSE Control File System...
         Starting Apply Kernel Variables...
         Mounting Kernel Configuration File System...
[[0;32m  OK  [0m] Mounted FUSE Control File System.
[[0;32m  OK  [0m] Mounted Kernel Configuration File System.
[   11.235760] EXT4-fs (sda1): re-mounted. Opts: (null)
[[0;32m  OK  [0m] Started Journal Service.
[[0;32m  OK  [0m] Started Remount Root and Kernel File Systems.
         Starting Load/Save Random Seed...
[   11.259454] RPC: Registered named UNIX socket transport module.
[   11.260775] RPC: Registered udp transport module.
[   11.261722] RPC: Registered tcp transport module.
[   11.262575] RPC: Registered tcp NFSv4.1 backchannel transport module.
         Starting Flush Journal to Persistent Storage...
[[0;32m  OK  [0m] Mounted RPC Pipe File System.
[[0;32m  OK  [0m] Started Monitoring of LVM2 mirrors,â€¦sing dmeventd or progress polling.
[[0;32m  OK  [0m] Started Create list of required staâ€¦vice nodes for the current kernel.
         Starting Create Static Device Nodes in /dev...
[[0;32m  OK  [0m] Started Load/Save Random Seed.
[[0;32m  OK  [0m] Started Create Static Device Nodes in /dev.
         Starting udev Kernel Device Manager...
[[0;32m  OK  [0m] Started Apply Kernel Variables.
[[0;32m  OK  [0m] Started udev Kernel Device Manager.
[[0;32m  OK  [0m] Started Set the console keyboard layout.
[[0;32m  OK  [0m] Reached target Local File Systems (Pre).
[[0;32m  OK  [0m] Reached target Local File Systems.
         Starting Set console font and keymap...
         Starting Tell Plymouth To Write Out Runtime Data...
         Starting Preprocess NFS configuration...
         Starting AppArmor initialization...
         Starting ebtables ruleset management...
[[0;32m  OK  [0m] Started Dispatch Password Requests to Console Directory Watch.
[[0;32m  OK  [0m] Reached target Local Encrypted Volumes.
[[0;32m  OK  [0m] Started Flush Journal to Persistent Storage.
[[0;32m  OK  [0m] Started Set console font and keymap.
         Starting Create Volatile Files and Directories...
[[0;32m  OK  [0m] Started Tell Plymouth To Write Out Runtime Data.
[[0;32m  OK  [0m] Started Preprocess NFS configuration.
[[0;32m  OK  [0m] Reached target NFS client services.
[[0;32m  OK  [0m] Started Create Volatile Files and Directories.
         Starting RPC bind portmap service...
         Starting Update UTMP about System Boot/Shutdown...
[[0;32m  OK  [0m] Started RPC bind portmap service.
[[0;32m  OK  [0m] Found device /dev/ttyS0.
[[0;32m  OK  [0m] Reached target RPC Port Mapper.
[[0;32m  OK  [0m] Started Update UTMP about System Boot/Shutdown.
[[0;32m  OK  [0m] Started ebtables ruleset management.
[[0;32m  OK  [0m] Listening on Load/Save RF Kill Switch Status /dev/rfkill Watch.
[[0;32m  OK  [0m] Started AppArmor initialization.
         Starting Initial cloud-init job (pre-networking)...
         Starting Load AppArmor profiles managed internally by snapd...
[[0;32m  OK  [0m] Started Load AppArmor profiles managed internally by snapd.
[   12.992932] cloud-init[618]: Cloud-init v. 21.1-19-gbad84ad4-0ubuntu1~18.04.2 running 'init-local' at Thu, 27 May 2021 08:59:01 +0000. Up 12.81 seconds.
[[0;32m  OK  [0m] Started Initial cloud-init job (pre-networking).
[[0;32m  OK  [0m] Reached target Network (Pre).
         Starting Network Service...
[[0;32m  OK  [0m] Started Network Service.
         Starting Network Name Resolution...
         Starting Wait for Network to be Configured...
[[0;32m  OK  [0m] Started Network Name Resolution.
[[0;32m  OK  [0m] Reached target Host and Network Name Lookups.
[[0;32m  OK  [0m] Reached target Network.
[[0;32m  OK  [0m] Started Wait for Network to be Configured.
         Starting Initial cloud-init job (metadata service crawler)...
[   15.352269] cloud-init[789]: Cloud-init v. 21.1-19-gbad84ad4-0ubuntu1~18.04.2 running 'init' at Thu, 27 May 2021 08:59:03 +0000. Up 15.22 seconds.
[   15.353864] cloud-init[789]: ci-info: ++++++++++++++++++++++++++++++++++++++Net device info+++++++++++++++++++++++++++++++++++++++
[   15.355102] cloud-init[789]: ci-info: +--------+------+-----------------------------+---------------+--------+-------------------+
[   15.356511] cloud-init[789]: ci-info: | Device |  Up  |           Address           |      Mask     | Scope  |     Hw-Address    |
[   15.357704] cloud-init[789]: ci-info: +--------+------+-----------------------------+---------------+--------+-------------------+
[   15.358942] cloud-init[789]: ci-info: | enp0s3 | True |          10.0.2.15          | 255.255.255.0 | global | 02:79:d1:66:99:96 |
[   15.360159] cloud-init[789]: ci-info: | enp0s3 | True |  fe80::79:d1ff:fe66:9996/64 |       .       |  link  | 02:79:d1:66:99:96 |
[   15.361300] cloud-init[789]: ci-info: | enp0s8 | True |          16.1.10.2          | 255.255.255.0 | global | 08:00:27:be:83:7b |
[   15.362320] cloud-init[789]: ci-info: | enp0s8 | True | fe80::a00:27ff:febe:837b/64 |       .       |  link  | 08:00:27:be:83:7b |
[   15.363683] cloud-init[789]: ci-info: |   lo   | True |          127.0.0.1          |   255.0.0.0   |  host  |         .         |
[   15.364744] cloud-init[789]: ci-info: |   lo   | True |           ::1/128           |       .       |  host  |         .         |
[   15.365995] cloud-init[789]: ci-info: +--------+------+-----------------------------+---------------+--------+-------------------+
[   15.367112] cloud-init[789]: ci-info: ++++++++++++++++++++++++++++Route IPv4 info+++++++++++++++++++++++++++++
[   15.367856] cloud-init[789]: ci-info: +-------+-------------+----------+-----------------+-----------+-------+
[   15.384295] cloud-init[789]: ci-info: | Route | Destination | Gateway  |     Genmask     | Interface | Flags |
[   15.385346] cloud-init[789]: ci-info: +-------+-------------+----------+-----------------+-----------+-------+
[   15.386325] cloud-init[789]: ci-info: |   0   |   0.0.0.0   | 10.0.2.2 |     0.0.0.0     |   enp0s3  |   UG  |
[   15.387317] cloud-init[789]: ci-info: |   1   |   10.0.2.0  | 0.0.0.0  |  255.255.255.0  |   enp0s3  |   U   |
[   15.388339] cloud-init[789]: ci-info: |   2   |   10.0.2.2  | 0.0.0.0  | 255.255.255.255 |   enp0s3  |   UH  |
[   15.389126] cloud-init[789]: ci-info: |   3   |  16.1.10.0  | 0.0.0.0  |  255.255.255.0  |   enp0s8  |   U   |
[   15.390118] cloud-init[789]: ci-info: +-------+-------------+----------+-----------------+-----------+-------+
[   15.391151] cloud-init[789]: ci-info: +++++++++++++++++++Route IPv6 info+++++++++++++++++++
[   15.392039] cloud-init[789]: ci-info: +-------+-------------+---------+-----------+-------+
[   15.392840] cloud-init[789]: ci-info: | Route | Destination | Gateway | Interface | Flags |
[   15.393621] cloud-init[789]: ci-info: +-------+-------------+---------+-----------+-------+
[   15.394426] cloud-init[789]: ci-info: |   1   |  fe80::/64  |    ::   |   enp0s3  |   U   |
[   15.395204] cloud-init[789]: ci-info: |   2   |  fe80::/64  |    ::   |   enp0s8  |   U   |
[   15.395987] cloud-init[789]: ci-info: |   4   |    local    |    ::   |   enp0s3  |   U   |
[   15.396660] cloud-init[789]: ci-info: |   5   |    local    |    ::   |   enp0s8  |   U   |
[   15.397438] cloud-init[789]: ci-info: |   6   |   ff00::/8  |    ::   |   enp0s3  |   U   |
[   15.398230] cloud-init[789]: ci-info: |   7   |   ff00::/8  |    ::   |   enp0s8  |   U   |
[   15.399099] cloud-init[789]: ci-info: +-------+-------------+---------+-----------+-------+
[[0;32m  OK  [0m] Started Initial cloud-init job (metadata service crawler).
[[0;32m  OK  [0m] Reached target Network is Online.
[[0;32m  OK  [0m] Reached target Remote File Systems (Pre).
[[0;32m  OK  [0m] Reached target Remote File Systems.
         Starting Availability of block devices...
[[0;32m  OK  [0m] Reached target Cloud-config availability.
[[0;32m  OK  [0m] Reached target System Initialization.
         Starting LXD - unix socket.
[[0;32m  OK  [0m] Listening on ACPID Listen Socket.
[[0;32m  OK  [0m] Started Daily apt download activities.
[[0;32m  OK  [0m] Listening on D-Bus System Message Bus Socket.
[[0;32m  OK  [0m] Listening on Open-iSCSI iscsid Socket.
[[0;32m  OK  [0m] Started Clean PHP session files every 30 mins.
         Starting Socket activation for snappy daemon.
[[0;32m  OK  [0m] Started Message of the Day.
[[0;32m  OK  [0m] Started Daily Cleanup of Temporary Directories.
[[0;32m  OK  [0m] Started Daily apt upgrade and clean activities.
[[0;32m  OK  [0m] Started Discard unused blocks once a week.
[[0;32m  OK  [0m] Started ACPI Events Check.
[[0;32m  OK  [0m] Reached target Paths.
[[0;32m  OK  [0m] Listening on UUID daemon activation socket.
[[0;32m  OK  [0m] Started Ubuntu Advantage update messaging.
[[0;32m  OK  [0m] Reached target Timers.
[[0;32m  OK  [0m] Started Availability of block devices.
[[0;32m  OK  [0m] Listening on LXD - unix socket.
[[0;32m  OK  [0m] Listening on Socket activation for snappy daemon.
[[0;32m  OK  [0m] Reached target Sockets.
[[0;32m  OK  [0m] Reached target Basic System.
         Starting vboxadd.service...
         Starting MariaDB 10.1.48 database server...
[[0;32m  OK  [0m] Started irqbalance daemon.
         Starting Postfix Mail Transport Agent (instance -)...
         Starting Accounts Service...
         Starting A high performance web server and a reverse proxy server...
         Starting LSB: automatic crash report generation...
         Starting Permit User Sessions...
         Starting Login Service...
         Starting OpenBSD Secure Shell server...
[[0;32m  OK  [0m] Started FUSE filesystem for LXC.
[[0;32m  OK  [0m] Started D-Bus System Message Bus.
[[0;32m  OK  [0m] Started Login Service.
         Starting The PHP 7.2 FastCGI Process Manager...
[[0;32m  OK  [0m] Started Deferred execution scheduler.
         Starting LXD - container startup/shutdown...
         Starting Advanced key-value store...
         Starting Snap Daemon...
         Starting Dispatcher daemon for systemd-networkd...
         Starting System Logging Service...
[[0;32m  OK  [0m] Started Regular background program processing daemon.
         Starting LSB: Record successful boot for GRUB...
[[0;32m  OK  [0m] Started Unattended Upgrades Shutdown.
[[0;32m  OK  [0m] Started Permit User Sessions.
[[0;32m  OK  [0m] Started OpenBSD Secure Shell server.
[[0;32m  OK  [0m] Started A high performance web server and a reverse proxy server.
         Starting Authorization Manager...
         Starting Terminate Plymouth Boot Screen...
         Starting Hold until boot process finishes up...
[[0;32m  OK  [0m] Started Hold until boot process finishes up.
         Starting Set console scheme...
[[0;32m  OK  [0m] Started Serial Getty on ttyS0.
[[0;32m  OK  [0m] Started Terminate Plymouth Boot Screen.
[[0;32m  OK  [0m] Started Advanced key-value store.
[[0;32m  OK  [0m] Started System Logging Service.
[[0;32m  OK  [0m] Started LSB: automatic crash report generation.
[[0;32m  OK  [0m] Started Authorization Manager.
[[0;32m  OK  [0m] Started Accounts Service.
[[0;32m  OK  [0m] Started Set console scheme.
[[0;32m  OK  [0m] Created slice system-getty.slice.
[[0;32m  OK  [0m] Started Getty on tty1.
[[0;32m  OK  [0m] Reached target Login Prompts.
[[0;32m  OK  [0m] Started LSB: Record successful boot for GRUB.
[[0;32m  OK  [0m] Started LXD - container startup/shutdown.
[[0;32m  OK  [0m] Started The PHP 7.2 FastCGI Process Manager.
[[0;32m  OK  [0m] Started Dispatcher daemon for systemd-networkd.
[[0;32m  OK  [0m] Created slice User Slice of vagrant.
         Starting User Manager for UID 1000...
[[0;32m  OK  [0m] Started Session 1 of user vagrant.
[[0;32m  OK  [0m] Started Snap Daemon.
         Starting Wait until snapd is fully seeded...
[[0;32m  OK  [0m] Started Wait until snapd is fully seeded.
         Starting Apply the settings specified in cloud-config...
[[0;32m  OK  [0m] Started User Manager for UID 1000.
[   20.058543] cloud-init[1504]: Cloud-init v. 21.1-19-gbad84ad4-0ubuntu1~18.04.2 running 'modules:config' at Thu, 27 May 2021 08:59:08 +0000. Up 19.87 seconds.
[[0;32m  OK  [0m] Started Apply the settings specified in cloud-config.
[[0;32m  OK  [0m] Started Postfix Mail Transport Agent (instance -).
         Starting Postfix Mail Transport Agent...
[[0;32m  OK  [0m] Started Postfix Mail Transport Agent.
[[0;32m  OK  [0m] Started vboxadd.service.
         Starting vboxadd-service.service...
[[0;32m  OK  [0m] Started vboxadd-service.service.
[[0;32m  OK  [0m] Started MariaDB 10.1.48 database server.
[[0;32m  OK  [0m] Reached target Multi-User System.
         Starting Execute cloud user/final scripts...
[[0;32m  OK  [0m] Reached target Graphical Interface.
         Starting Update UTMP about System Runlevel Changes...
[[0;32m  OK  [0m] Started Update UTMP about System Runlevel Changes.
[   21.266609] cloud-init[1779]: Cloud-init v. 21.1-19-gbad84ad4-0ubuntu1~18.04.2 running 'modules:final' at Thu, 27 May 2021 08:59:09 +0000. Up 21.17 seconds.
[   21.268808] cloud-init[1779]: Cloud-init v. 21.1-19-gbad84ad4-0ubuntu1~18.04.2 finished at Thu, 27 May 2021 08:59:09 +0000. Datasource DataSourceNoCloud [seed=/dev/sdb][dsmode=net].  Up 21.26 seconds
[[0;32m  OK  [0m] Started Execute cloud user/final scripts.
[[0;32m  OK  [0m] Reached target Cloud-init target.

Ubuntu 18.04.5 LTS magento2 ttyS0

magento2 login: 